# git-bacic-kadai
Last login: Sun May  5 23:23:39 on ttys000
kuroidaiki@kuroidaikinoMacBook-Air ~ % cd Desktop
kuroidaiki@kuroidaikinoMacBook-Air Desktop % mkdir git_challenge
kuroidaiki@kuroidaikinoMacBook-Air Desktop % cd git_challenge
kuroidaiki@kuroidaikinoMacBook-Air git_challenge % echo "# git-bacic-kadai" >> hello_world.txt
kuroidaiki@kuroidaikinoMacBook-Air git_challenge % git init
Initialized empty Git repository in /Users/kuroidaiki/Desktop/git_challenge/.git/
kuroidaiki@kuroidaikinoMacBook-Air git_challenge % git add hello_world.txt
kuroidaiki@kuroidaikinoMacBook-Air git_challenge % git commit -m "first commit"
[main (root-commit) 8ea5c2f] first commit
 1 file changed, 1 insertion(+)
 create mode 100644 hello_world.txt
kuroidaiki@kuroidaikinoMacBook-Air git_challenge % git add hello_world.txt
kuroidaiki@kuroidaikinoMacBook-Air git_challenge % git commit -m "2nd commit"  
[main a1209a4] 2nd commit
 1 file changed, 2 insertions(+)
kuroidaiki@kuroidaikinoMacBook-Air git_challenge % git log
commit a1209a4274fdf2dc77a49cb228011a0b24da998b (HEAD -> main)
Author: area961 <area9613@gmail.com>
Date:   Sun May 5 23:34:51 2024 +0900

    2nd commit

commit 8ea5c2f582b7e27f8f06ee8576fb8ebe5e196455
Author: area961 <area9613@gmail.com>
Date:   Sun May 5 23:29:42 2024 +0900

    first commit
